Archive member included because of file (symbol)

/usr/lib/gcc/arm-none-eabi/4.9.3/libgcc.a(_udivsi3.o)
                              binaries/qsort.o (__aeabi_uidiv)
/usr/lib/gcc/arm-none-eabi/4.9.3/libgcc.a(_divsi3.o)
                              binaries/xsh_help.o (__aeabi_idiv)
/usr/lib/gcc/arm-none-eabi/4.9.3/libgcc.a(_dvmd_tls.o)
                              /usr/lib/gcc/arm-none-eabi/4.9.3/libgcc.a(_udivsi3.o) (__aeabi_idiv0)

Allocating common symbols
Common symbol       size              file

netbufpool          0x4               binaries/net.o
readylist           0x2               binaries/ready.o
rfltab              0x5a0             binaries/rflinit.o
sleepq              0x2               binaries/clkinit.o
n                   0x4               binaries/xsh_prodcons.o
intc_vector         0x200             binaries/evec.o
nnames              0x4               binaries/naminit.o
udptab              0x168             binaries/udp.o
minheap             0x4               binaries/meminit.o
marks               0x50              binaries/mark.o
A                   0x3c              binaries/xsh_boundedbuffer.o
currpid             0x4               binaries/initialize.o
Lf_data             0x20c             binaries/lfsinit.o
porttab             0x2d0             binaries/ptinit.o
ttytab              0x10c             binaries/ttyinit.o
proctab             0x15e0            binaries/initialize.o
eth_a_regs          0x1c              binaries/ethinit.o
prcount             0x4               binaries/initialize.o
prod                0x4               binaries/xsh_boundedbuffer.o
lfltab              0xf00             binaries/lflinit.o
rdstab              0x8c              binaries/rdsinit.o
ethertab            0x138             binaries/ethinit.o
f3                  0x4               binaries/future_alloc.o
nsaddr              0x4               binaries/dns.o
NetData             0xa8              binaries/net.o
nmarks              0x4               binaries/mark.o
f2                  0x4               binaries/future_alloc.o
Defer               0x8               binaries/resched.o
semtab              0x4b0             binaries/initialize.o
maxheap             0x4               binaries/meminit.o
preempt             0x4               binaries/clkinit.o
buftab              0xf0              binaries/bufinit.o
Rf_data             0x18              binaries/rfsinit.o
mkmutex             0x4               binaries/mark.o
clktime             0x4               binaries/clkinit.o
cpudelay            0x4               binaries/main.o
arpcache            0x140             binaries/arp.o
icmptab             0x230             binaries/icmp.o
nbpools             0x4               binaries/bufinit.o
queuetab            0x980             binaries/queue.o
f1                  0x4               binaries/future_alloc.o
con                 0x4               binaries/xsh_boundedbuffer.o
ptnextid            0x4               binaries/ptinit.o
Ram                 0x19000           binaries/raminit.o
ipoqueue            0x2c              binaries/ip.o
consumed            0x4               binaries/xsh_boundedbuffer.o
memlist             0x8               binaries/initialize.o
produced            0x4               binaries/xsh_boundedbuffer.o
nametab             0x19a0            binaries/naminit.o
ptfree              0x4               binaries/ptinit.o

Memory Configuration

Name             Origin             Length             Attributes
*default*        0x0000000000000000 0xffffffffffffffff

Linker script and memory map

                0x0000000081000000                physbase = 0x81000000
                0x0000000081000000                . = physbase
                0x0000000081000000                . = ALIGN (0x1000)

.text           0x0000000081000000    0x17000
                0x0000000081000000                text = ABSOLUTE (.)
 *(.text .text.*)
 .text          0x0000000081000000       0x4c binaries/start.o
                0x0000000081000000                start
 .text          0x000000008100004c      0x370 binaries/ascdate.o
                0x000000008100004c                ascdate
 .text          0x00000000810003bc       0x18 binaries/bufinit.o
                0x00000000810003bc                bufinit
 .text          0x00000000810003d4       0x70 binaries/chprio.o
                0x00000000810003d4                chprio
 .text          0x0000000081000444       0xf0 binaries/clkhandler.o
                0x0000000081000444                clkhandler
 .text          0x0000000081000534       0xd4 binaries/clkinit.o
                0x0000000081000534                clkinit
 .text          0x0000000081000608       0x5c binaries/close.o
                0x0000000081000608                close
 .text          0x0000000081000664        0x0 binaries/conf.o
 .text          0x0000000081000664       0x70 binaries/control.o
                0x0000000081000664                control
 .text          0x00000000810006d4      0x2c0 binaries/create.o
                0x00000000810006d4                create
 .text          0x0000000081000994       0xb0 binaries/evec.o
                0x0000000081000994                initintc
                0x00000000810009c0                set_evec
                0x0000000081000a00                irq_dispatch
 .text          0x0000000081000a44       0x10 binaries/exit.o
                0x0000000081000a44                exit
 .text          0x0000000081000a54       0x84 binaries/freebuf.o
                0x0000000081000a54                freebuf
 .text          0x0000000081000ad8      0x150 binaries/freemem.o
                0x0000000081000ad8                freemem
 .text          0x0000000081000c28       0x44 binaries/future_alloc.o
                0x0000000081000c28                future_alloc
 .text          0x0000000081000c6c       0x38 binaries/future_free.o
                0x0000000081000c6c                future_free
 .text          0x0000000081000ca4       0x90 binaries/future_get.o
                0x0000000081000ca4                future_get
 .text          0x0000000081000d34       0x70 binaries/future_set.o
                0x0000000081000d34                future_set
 .text          0x0000000081000da4       0x7c binaries/getbuf.o
                0x0000000081000da4                getbuf
 .text          0x0000000081000e20       0x5c binaries/getc.o
                0x0000000081000e20                getc
 .text          0x0000000081000e7c       0x68 binaries/getdev.o
                0x0000000081000e7c                getdev
 .text          0x0000000081000ee4       0xa0 binaries/getitem.o
                0x0000000081000ee4                getitem
                0x0000000081000f14                getfirst
                0x0000000081000f48                getlast
 .text          0x0000000081000f84      0x108 binaries/getmem.o
                0x0000000081000f84                getmem
 .text          0x000000008100108c       0x10 binaries/getpid.o
                0x000000008100108c                getpid
 .text          0x000000008100109c       0x5c binaries/getprio.o
                0x000000008100109c                getprio
 .text          0x00000000810010f8       0xd0 binaries/getstk.o
                0x00000000810010f8                getstk
 .text          0x00000000810011c8       0x38 binaries/gettime.o
                0x00000000810011c8                gettime
 .text          0x0000000081001200      0x1c8 binaries/getutime.o
                0x0000000081001200                getutime
 .text          0x00000000810013c8       0x5c binaries/init.o
                0x00000000810013c8                init
 .text          0x0000000081001424      0x2f8 binaries/initialize.o
                0x0000000081001424                nulluser
                0x00000000810016bc                stop
                0x00000000810016e0                delay
 .text          0x000000008100171c       0xc0 binaries/insert.o
                0x000000008100171c                insert
 .text          0x00000000810017dc      0x12c binaries/insertd.o
                0x00000000810017dc                insertd
 .text          0x0000000081001908        0x8 binaries/ioerr.o
                0x0000000081001908                ioerr
 .text          0x0000000081001910        0x8 binaries/ionull.o
                0x0000000081001910                ionull
 .text          0x0000000081001918      0x190 binaries/kill.o
                0x0000000081001918                kill
 .text          0x0000000081001aa8       0xb4 binaries/kprintf.o
                0x0000000081001aa8                kputc
                0x0000000081001ae8                kgetc
                0x0000000081001b1c                kprintf
 .text          0x0000000081001b5c       0xf8 binaries/main.o
                0x0000000081001b5c                counterproc
                0x0000000081001b98                main
 .text          0x0000000081001c54       0xd0 binaries/mark.o
                0x0000000081001c54                markinit
                0x0000000081001c80                mark
 .text          0x0000000081001d24       0x44 binaries/meminit.o
                0x0000000081001d24                meminit
 .text          0x0000000081001d68      0x138 binaries/mkbufpool.o
                0x0000000081001d68                mkbufpool
 .text          0x0000000081001ea0       0x88 binaries/newqueue.o
                0x0000000081001ea0                newqueue
 .text          0x0000000081001f28       0x68 binaries/open.o
                0x0000000081001f28                open
 .text          0x0000000081001f90       0x20 binaries/panic.o
                0x0000000081001f90                panic
 .text          0x0000000081001fb0       0x48 binaries/platinit.o
                0x0000000081001fb0                platinit
 .text          0x0000000081001ff8       0xa8 binaries/ptclear.o
                0x0000000081001ff8                _ptclear
 .text          0x00000000810020a0       0x90 binaries/ptcount.o
                0x00000000810020a0                ptcount
 .text          0x0000000081002130      0x100 binaries/ptcreate.o
                0x0000000081002130                ptcreate
 .text          0x0000000081002230       0x70 binaries/ptdelete.o
                0x0000000081002230                ptdelete
 .text          0x00000000810022a0       0xbc binaries/ptinit.o
                0x00000000810022a0                ptinit
 .text          0x000000008100235c      0x144 binaries/ptrecv.o
                0x000000008100235c                ptrecv
 .text          0x00000000810024a0       0x6c binaries/ptreset.o
                0x00000000810024a0                ptreset
 .text          0x000000008100250c      0x15c binaries/ptsend.o
                0x000000008100250c                ptsend
 .text          0x0000000081002668       0x64 binaries/putc.o
                0x0000000081002668                putc
 .text          0x00000000810026cc       0xe0 binaries/queue.o
                0x00000000810026cc                enqueue
                0x0000000081002750                dequeue
 .text          0x00000000810027ac       0x68 binaries/read.o
                0x00000000810027ac                read
 .text          0x0000000081002814       0x74 binaries/ready.o
                0x0000000081002814                ready
 .text          0x0000000081002888       0x84 binaries/receive.o
                0x0000000081002888                receive
 .text          0x000000008100290c       0x64 binaries/recvclr.o
                0x000000008100290c                recvclr
 .text          0x0000000081002970       0xe0 binaries/recvtime.o
                0x0000000081002970                recvtime
 .text          0x0000000081002a50      0x1d0 binaries/resched.o
                0x0000000081002a50                resched
                0x0000000081002b6c                resched_cntl
 .text          0x0000000081002c20       0x88 binaries/resume.o
                0x0000000081002c20                resume
 .text          0x0000000081002ca8       0x64 binaries/seek.o
                0x0000000081002ca8                seek
 .text          0x0000000081002d0c       0x58 binaries/semcount.o
                0x0000000081002d0c                semcount
 .text          0x0000000081002d64       0xb8 binaries/semcreate.o
                0x0000000081002d64                semcreate
 .text          0x0000000081002e1c       0xc8 binaries/semdelete.o
                0x0000000081002e1c                semdelete
 .text          0x0000000081002ee4       0xb4 binaries/semreset.o
                0x0000000081002ee4                semreset
 .text          0x0000000081002f98       0xc8 binaries/send.o
                0x0000000081002f98                send
 .text          0x0000000081003060       0x98 binaries/signal.o
                0x0000000081003060                signal
 .text          0x00000000810030f8       0xb8 binaries/signaln.o
                0x00000000810030f8                signaln
 .text          0x00000000810031b0       0xd4 binaries/sleep.o
                0x00000000810031b0                sleepms
                0x0000000081003250                sleep
 .text          0x0000000081003284       0xd0 binaries/suspend.o
                0x0000000081003284                suspend
 .text          0x0000000081003354       0xa4 binaries/unsleep.o
                0x0000000081003354                unsleep
 .text          0x00000000810033f8       0x10 binaries/userret.o
                0x00000000810033f8                userret
 .text          0x0000000081003408       0xc4 binaries/wait.o
                0x0000000081003408                wait
 .text          0x00000000810034cc       0x90 binaries/wakeup.o
                0x00000000810034cc                wakeup
 .text          0x000000008100355c       0x68 binaries/write.o
                0x000000008100355c                write
 .text          0x00000000810035c4       0x18 binaries/xdone.o
                0x00000000810035c4                xdone
 .text          0x00000000810035dc       0x20 binaries/yield.o
                0x00000000810035dc                yield
 .text          0x00000000810035fc        0xc binaries/abs.o
                0x00000000810035fc                abs
 .text          0x0000000081003608      0x130 binaries/atoi.o
                0x0000000081003608                atoi
 .text          0x0000000081003738      0x130 binaries/atol.o
                0x0000000081003738                atol
 .text          0x0000000081003868       0x20 binaries/bzero.o
                0x0000000081003868                bzero
 .text          0x0000000081003888        0x0 binaries/ctype_.o
 .text          0x0000000081003888      0x968 binaries/doprnt.o
                0x0000000081003a78                _doprnt
 .text          0x00000000810041f0      0x728 binaries/doscan.o
                0x00000000810041f0                _doscan
 .text          0x0000000081004918      0x8c0 binaries/fdoprnt.o
                0x00000000810049c8                _fdoprnt
 .text          0x00000000810051d8       0x14 binaries/fgetc.o
                0x00000000810051d8                fgetc
 .text          0x00000000810051ec       0x84 binaries/fgets.o
                0x00000000810051ec                fgets
 .text          0x0000000081005270       0x3c binaries/fprintf.o
                0x0000000081005270                fprintf
 .text          0x00000000810052ac       0x24 binaries/fputc.o
                0x00000000810052ac                fputc
 .text          0x00000000810052d0       0x38 binaries/fputs.o
                0x00000000810052d0                fputs
 .text          0x0000000081005308       0x78 binaries/fscanf.o
                0x000000008100533c                fscanf
 .text          0x0000000081005380       0x2c binaries/getchar.o
                0x0000000081005380                getchar
 .text          0x00000000810053ac        0xc binaries/labs.o
                0x00000000810053ac                labs
 .text          0x00000000810053b8       0x40 binaries/memchr.o
                0x00000000810053b8                memchr
 .text          0x00000000810053f8       0x58 binaries/memcmp.o
                0x00000000810053f8                memcmp
 .text          0x0000000081005450       0x24 binaries/memcpy.o
                0x0000000081005450                memcpy
 .text          0x0000000081005474       0x20 binaries/memset.o
                0x0000000081005474                memset
 .text          0x0000000081005494       0x58 binaries/printf.o
                0x0000000081005494                printf
 .text          0x00000000810054ec       0x2c binaries/putchar.o
                0x00000000810054ec                putchar
 .text          0x0000000081005518      0x238 binaries/qsort.o
                0x0000000081005730                qsort
 .text          0x0000000081005750       0x38 binaries/rand.o
                0x0000000081005750                srand
                0x0000000081005760                rand
 .text          0x0000000081005788       0x68 binaries/sprintf.o
                0x00000000810057a0                sprintf
 .text          0x00000000810057f0       0x78 binaries/sscanf.o
                0x0000000081005824                sscanf
 .text          0x0000000081005868       0x40 binaries/strchr.o
                0x0000000081005868                strchr
 .text          0x00000000810058a8       0x54 binaries/strcmp.o
                0x00000000810058a8                strcmp
 .text          0x00000000810058fc       0x1c binaries/strcpy.o
                0x00000000810058fc                strcpy
 .text          0x0000000081005918       0x30 binaries/strlen.o
                0x0000000081005918                strlen
 .text          0x0000000081005948       0x50 binaries/strncat.o
                0x0000000081005948                strncat
 .text          0x0000000081005998       0x50 binaries/strncmp.o
                0x0000000081005998                strncmp
 .text          0x00000000810059e8       0x80 binaries/strncpy.o
                0x00000000810059e8                strncpy
 .text          0x0000000081005a68       0x50 binaries/strnlen.o
                0x0000000081005a68                strnlen
 .text          0x0000000081005ab8       0x40 binaries/strrchr.o
                0x0000000081005ab8                strrchr
 .text          0x0000000081005af8       0xb0 binaries/strstr.o
                0x0000000081005af8                strstr
 .text          0x0000000081005ba8      0x154 binaries/ttycontrol.o
                0x0000000081005ba8                ttycontrol
 .text          0x0000000081005cfc       0xc8 binaries/ttygetc.o
                0x0000000081005cfc                ttygetc
 .text          0x0000000081005dc4      0x4d4 binaries/ttyhandle_in.o
                0x0000000081005e90                ttyhandle_in
 .text          0x0000000081006298      0x16c binaries/ttyhandle_out.o
                0x0000000081006298                ttyhandle_out
 .text          0x0000000081006404       0xcc binaries/ttyhandler.o
                0x0000000081006404                ttyhandler
 .text          0x00000000810064d0      0x144 binaries/ttyinit.o
                0x00000000810064d0                ttyinit
 .text          0x0000000081006614        0xc binaries/ttykickout.o
                0x0000000081006614                ttykickout
 .text          0x0000000081006620       0x9c binaries/ttyputc.o
                0x0000000081006620                ttyputc
 .text          0x00000000810066bc      0x134 binaries/ttyread.o
                0x00000000810066bc                ttyread
 .text          0x00000000810067f0       0x48 binaries/ttywrite.o
                0x00000000810067f0                ttywrite
 .text          0x0000000081006838      0x160 binaries/mount.o
                0x0000000081006838                namlen
                0x0000000081006890                mount
 .text          0x0000000081006998      0x1c0 binaries/naminit.o
                0x0000000081006998                naminit
 .text          0x0000000081006b58      0x24c binaries/nammap.o
                0x0000000081006b58                namrepl
                0x0000000081006ca8                namcpy
                0x0000000081006d04                nammap
 .text          0x0000000081006da4       0x40 binaries/namopen.o
                0x0000000081006da4                namopen
 .text          0x0000000081006de4      0x108 binaries/colon2mac.o
                0x0000000081006de4                colon2mac
 .text          0x0000000081006eec       0x44 binaries/ethcontrol.o
                0x0000000081006eec                ethcontrol
 .text          0x0000000081006f30      0x178 binaries/ethhandler.o
                0x0000000081006f30                ethhandler
 .text          0x00000000810070a8      0x7f8 binaries/ethinit.o
                0x00000000810070a8                eth_phy_read
                0x000000008100710c                eth_phy_write
                0x0000000081007154                eth_phy_reset
                0x00000000810072b4                ethinit
 .text          0x00000000810078a0       0xf8 binaries/ethread.o
                0x00000000810078a0                ethread
 .text          0x0000000081007998       0xf8 binaries/ethwrite.o
                0x0000000081007998                ethwrite
 .text          0x0000000081007a90       0x88 binaries/rdsbufalloc.o
                0x0000000081007a90                rdsbufalloc
 .text          0x0000000081007b18       0xe8 binaries/rdsclose.o
                0x0000000081007b18                rdsclose
 .text          0x0000000081007c00      0x1e8 binaries/rdscomm.o
                0x0000000081007c00                rdscomm
 .text          0x0000000081007de8      0x1b0 binaries/rdscontrol.o
                0x0000000081007de8                rdscontrol
 .text          0x0000000081007f98      0x1e0 binaries/rdsinit.o
                0x0000000081007f98                rdsinit
 .text          0x0000000081008178      0x1a0 binaries/rdsopen.o
                0x0000000081008178                rdsopen
 .text          0x0000000081008318      0x2d4 binaries/rdsprocess.o
                0x0000000081008318                rdsprocess
 .text          0x00000000810085ec      0x240 binaries/rdsread.o
                0x00000000810085ec                rdsread
 .text          0x000000008100882c      0x1d0 binaries/rdswrite.o
                0x000000008100882c                rdswrite
 .text          0x00000000810089fc        0x8 binaries/ramclose.o
                0x00000000810089fc                ramclose
 .text          0x0000000081008a04       0x3c binaries/raminit.o
                0x0000000081008a04                raminit
 .text          0x0000000081008a40        0x8 binaries/ramopen.o
                0x0000000081008a40                ramopen
 .text          0x0000000081008a48       0x24 binaries/ramread.o
                0x0000000081008a48                ramread
 .text          0x0000000081008a6c       0x20 binaries/ramwrite.o
                0x0000000081008a6c                ramwrite
 .text          0x0000000081008a8c       0x94 binaries/lfdballoc.o
                0x0000000081008a8c                lfdballoc
 .text          0x0000000081008b20       0x4c binaries/lfdbfree.o
                0x0000000081008b20                lfdbfree
 .text          0x0000000081008b6c       0xb8 binaries/lfflush.o
                0x0000000081008b6c                lfflush
 .text          0x0000000081008c24       0xc8 binaries/lfgetmode.o
                0x0000000081008c24                lfgetmode
 .text          0x0000000081008cec       0x6c binaries/lfiballoc.o
                0x0000000081008cec                lfiballoc
 .text          0x0000000081008d58       0x28 binaries/lfibclear.o
                0x0000000081008d58                lfibclear
 .text          0x0000000081008d80       0x64 binaries/lfibget.o
                0x0000000081008d80                lfibget
 .text          0x0000000081008de4       0x90 binaries/lfibput.o
                0x0000000081008de4                lfibput
 .text          0x0000000081008e74       0xc4 binaries/lflclose.o
                0x0000000081008e74                lflclose
 .text          0x0000000081008f38       0xc8 binaries/lflcontrol.o
                0x0000000081008f38                lflcontrol
 .text          0x0000000081009000      0x10c binaries/lflgetc.o
                0x0000000081009000                lflgetc
 .text          0x000000008100910c       0xd0 binaries/lflinit.o
                0x000000008100910c                lflinit
 .text          0x00000000810091dc      0x14c binaries/lflputc.o
                0x00000000810091dc                lflputc
 .text          0x0000000081009328       0x70 binaries/lflread.o
                0x0000000081009328                lflread
 .text          0x0000000081009398       0xc0 binaries/lflseek.o
                0x0000000081009398                lflseek
 .text          0x0000000081009458       0x50 binaries/lflwrite.o
                0x0000000081009458                lflwrite
 .text          0x00000000810094a8      0x11c binaries/lfsckfmt.o
                0x00000000810094a8                lfsckfmt
 .text          0x00000000810095c4      0x15c binaries/lfscreate.o
                0x00000000810095c4                lfscreate
 .text          0x0000000081009720      0x1f0 binaries/lfsetup.o
                0x0000000081009720                lfsetup
 .text          0x0000000081009910       0x44 binaries/lfsinit.o
                0x0000000081009910                lfsinit
 .text          0x0000000081009954      0x378 binaries/lfsopen.o
                0x0000000081009954                lfsopen
 .text          0x0000000081009ccc      0x110 binaries/lftruncate.o
                0x0000000081009ccc                lftruncate
 .text          0x0000000081009ddc       0x7c binaries/rflclose.o
                0x0000000081009ddc                rflclose
 .text          0x0000000081009e58       0x28 binaries/rflgetc.o
                0x0000000081009e58                rflgetc
 .text          0x0000000081009e80       0x88 binaries/rflinit.o
                0x0000000081009e80                rflinit
 .text          0x0000000081009f08       0x2c binaries/rflputc.o
                0x0000000081009f08                rflputc
 .text          0x0000000081009f34      0x2c4 binaries/rflread.o
                0x0000000081009f34                rflread
 .text          0x000000008100a1f8       0x7c binaries/rflseek.o
                0x000000008100a1f8                rflseek
 .text          0x000000008100a274      0x2e0 binaries/rflwrite.o
                0x000000008100a274                rflwrite
 .text          0x000000008100a554      0x198 binaries/rfscomm.o
                0x000000008100a554                rfscomm
 .text          0x000000008100a6ec      0x224 binaries/rfscontrol.o
                0x000000008100a6ec                rfscontrol
 .text          0x000000008100a910       0xc8 binaries/rfsgetmode.o
                0x000000008100a910                rfsgetmode
 .text          0x000000008100a9d8       0x84 binaries/rfsinit.o
                0x000000008100a9d8                rfsinit
 .text          0x000000008100aa5c       0x98 binaries/rfsndmsg.o
                0x000000008100aa5c                rfsndmsg
 .text          0x000000008100aaf4      0x238 binaries/rfsopen.o
                0x000000008100aaf4                rfsopen
 .text          0x000000008100ad2c      0x780 binaries/arp.o
                0x000000008100ad2c                arp_init
                0x000000008100ad4c                arp_alloc
                0x000000008100ae24                arp_ntoh
                0x000000008100aec8                arp_hton
                0x000000008100af6c                arp_resolve
                0x000000008100b204                arp_in
 .text          0x000000008100b4ac      0xd78 binaries/dhcp.o
                0x000000008100b4ac                dump_dhcp_msg
                0x000000008100bad0                get_dhcp_option_value
                0x000000008100bb2c                build_dhcp_discover
                0x000000008100bc58                build_dhcp_request
                0x000000008100be04                getlocalip_boot
                0x000000008100c20c                getlocalip
 .text          0x000000008100c224      0x414 binaries/dns.o
                0x000000008100c224                dns_bldq
                0x000000008100c2d0                dns_getrname
                0x000000008100c394                dns_geta
                0x000000008100c4c4                dns_qa
 .text          0x000000008100c638      0x108 binaries/dot2ip.o
                0x000000008100c638                dot2ip
 .text          0x000000008100c740      0x328 binaries/hexdump.o
                0x000000008100c740                hexdump
                0x000000008100c88c                hexadump
 .text          0x000000008100ca68      0x71c binaries/icmp.o
                0x000000008100ca68                icmp_init
                0x000000008100ca8c                icmp_register
                0x000000008100cb4c                icmp_recv
                0x000000008100ccec                icmp_mkpkt
                0x000000008100cddc                icmp_in
                0x000000008100cf68                icmp_send
                0x000000008100cfd8                icmp_release
                0x000000008100d0c0                icmp_cksum
                0x000000008100d11c                icmp_hton
                0x000000008100d150                icmp_ntoh
 .text          0x000000008100d184      0x688 binaries/ip.o
                0x000000008100d184                ip_local
                0x000000008100d1b4                ipcksum
                0x000000008100d1f8                ip_ntoh
                0x000000008100d29c                ip_in
                0x000000008100d3d8                ip_hton
                0x000000008100d47c                ip_out
                0x000000008100d530                ip_send
                0x000000008100d660                ipout
                0x000000008100d770                ip_enqueue
 .text          0x000000008100d80c      0x1c4 binaries/net.o
                0x000000008100d80c                net_init
                0x000000008100d904                eth_hton
                0x000000008100d918                eth_ntoh
                0x000000008100d92c                netin
 .text          0x000000008100d9d0       0xa4 binaries/netstart.o
                0x000000008100d9d0                netstart
 .text          0x000000008100da74      0x9dc binaries/pdump.o
                0x000000008100da74                pdump
                0x000000008100e000                pdumph
 .text          0x000000008100e450      0x580 binaries/tftp.o
                0x000000008100e450                tftp_send1
                0x000000008100e53c                tftpget_mb
                0x000000008100e99c                tftpget
 .text          0x000000008100e9d0      0xa20 binaries/udp.o
                0x000000008100e9d0                udp_init
                0x000000008100e9f8                udp_in
                0x000000008100eb2c                udp_register
                0x000000008100ec30                udp_recv
                0x000000008100edcc                udp_recvaddr
                0x000000008100ef84                udp_send
                0x000000008100f12c                udp_sendto
                0x000000008100f298                udp_release
                0x000000008100f388                udp_ntoh
                0x000000008100f3bc                udp_hton
 .text          0x000000008100f3f0      0x13c binaries/addargs.o
                0x000000008100f3f0                addargs
 .text          0x000000008100f52c      0x28c binaries/lexan.o
                0x000000008100f52c                lexan
 .text          0x000000008100f7b8      0x68c binaries/shell.o
                0x000000008100f7b8                shell
 .text          0x000000008100fe44       0x64 binaries/xsh_argecho.o
                0x000000008100fe44                xsh_argecho
 .text          0x000000008100fea8      0x1c8 binaries/xsh_arp.o
                0x000000008100fea8                xsh_arp
 .text          0x0000000081010070      0x160 binaries/xsh_boundedbuffer.o
                0x0000000081010070                xsh_boundedbuffer
 .text          0x00000000810101d0      0x234 binaries/xsh_cat.o
                0x00000000810101d0                xsh_cat
 .text          0x0000000081010404       0x5c binaries/xsh_clear.o
                0x0000000081010404                xsh_clear
 .text          0x0000000081010460      0x29c binaries/xsh_date.o
                0x0000000081010460                xsh_date
 .text          0x00000000810106fc       0x98 binaries/xsh_devdump.o
                0x00000000810106fc                xsh_devdump
 .text          0x0000000081010794       0x68 binaries/xsh_echo.o
                0x0000000081010794                xsh_echo
 .text          0x00000000810107fc        0x8 binaries/xsh_exit.o
                0x00000000810107fc                xsh_exit
 .text          0x0000000081010804       0xb8 binaries/xsh_hello.o
                0x0000000081010804                xsh_hello
 .text          0x00000000810108bc      0x3b8 binaries/xsh_help.o
                0x00000000810108bc                xsh_help
 .text          0x0000000081010c74      0x354 binaries/xsh_ipaddr.o
                0x0000000081010c74                xsh_ipaddr
 .text          0x0000000081010fc8      0x1fc binaries/xsh_kill.o
                0x0000000081010fc8                xsh_kill
 .text          0x00000000810111c4      0x2ac binaries/xsh_led.o
                0x00000000810111c4                xsh_led
 .text          0x0000000081011470      0x434 binaries/xsh_memdump.o
                0x0000000081011564                xsh_memdump
 .text          0x00000000810118a4      0x224 binaries/xsh_memstat.o
                0x00000000810118a4                xsh_memstat
 .text          0x0000000081011ac8      0x3b8 binaries/xsh_ping.o
                0x0000000081011ac8                xsh_ping
 .text          0x0000000081011e80      0x2ec binaries/xsh_prodcons.o
                0x0000000081011e80                xsh_prodcons
 .text          0x000000008101216c      0x220 binaries/xsh_ps.o
                0x000000008101216c                xsh_ps
 .text          0x000000008101238c       0x94 binaries/xsh_reset.o
                0x000000008101238c                xsh_reset
 .text          0x0000000081012420      0x1d4 binaries/xsh_sleep.o
                0x0000000081012420                xsh_sleep
 .text          0x00000000810125f4      0x244 binaries/xsh_udpdump.o
                0x00000000810125f4                xsh_udpdump
 .text          0x0000000081012838      0x3fc binaries/xsh_udpecho.o
                0x0000000081012838                xsh_udpecho
 .text          0x0000000081012c34      0x250 binaries/xsh_udpeserver.o
                0x0000000081012c34                xsh_udpeserver
 .text          0x0000000081012e84      0x1b4 binaries/xsh_uptime.o
                0x0000000081012e84                xsh_uptime
 .text          0x0000000081013038       0xb4 binaries/bb_consume.o
                0x0000000081013038                bb_consumer
 .text          0x00000000810130ec       0xbc binaries/bb_produce.o
                0x00000000810130ec                bb_producer
 .text          0x00000000810131a8       0x5c binaries/consume.o
                0x00000000810131a8                consumer
 .text          0x0000000081013204       0x5c binaries/future_cons.o
                0x0000000081013204                future_cons
 .text          0x0000000081013260       0x3c binaries/future_prod.o
                0x0000000081013260                future_prod
 .text          0x000000008101329c       0x60 binaries/produce.o
                0x000000008101329c                producer
 .text          0x00000000810132fc       0x2c binaries/ctxsw.o
                0x00000000810132fc                ctxsw
 .text          0x0000000081013328      0x100 binaries/intr.o
                0x0000000081013328                disable
                0x0000000081013334                restore
                0x0000000081013358                enable
                0x0000000081013360                pause
                0x0000000081013360                halt
                0x0000000081013368                irq_except
                0x0000000081013398                initevec
                0x00000000810133f8                expjmpinstr
 .text          0x0000000081013428      0x114 /usr/lib/gcc/arm-none-eabi/4.9.3/libgcc.a(_udivsi3.o)
                0x0000000081013428                __udivsi3
                0x0000000081013428                __aeabi_uidiv
                0x000000008101351c                __aeabi_uidivmod
 .text          0x000000008101353c      0x148 /usr/lib/gcc/arm-none-eabi/4.9.3/libgcc.a(_divsi3.o)
                0x000000008101353c                __aeabi_idiv
                0x000000008101353c                __divsi3
                0x0000000081013664                __aeabi_idivmod
 .text          0x0000000081013684        0x4 /usr/lib/gcc/arm-none-eabi/4.9.3/libgcc.a(_dvmd_tls.o)
                0x0000000081013684                __aeabi_ldiv0
                0x0000000081013684                __aeabi_idiv0
 *(.rodata .rodata.*)
 .rodata.str1.4
                0x0000000081013688       0x78 binaries/ascdate.o
 .rodata.str1.4
                0x0000000081013700       0xcb binaries/conf.o
 *fill*         0x00000000810137cb        0x1 
 .rodata.str1.4
                0x00000000810137cc       0x60 binaries/getutime.o
 .rodata.str1.4
                0x000000008101382c      0x16c binaries/initialize.o
                                        0x170 (size before relaxing)
 .rodata.str1.4
                0x0000000081013998       0x56 binaries/main.o
 *fill*         0x00000000810139ee        0x2 
 .rodata.str1.4
                0x00000000810139f0       0x10 binaries/panic.o
 .rodata.str1.4
                0x0000000081013a00       0x1c binaries/ptinit.o
 .rodata.str1.4
                0x0000000081013a1c       0x25 binaries/ptsend.o
 *fill*         0x0000000081013a41        0x3 
 .rodata.str1.4
                0x0000000081013a44       0x27 binaries/xdone.o
 *fill*         0x0000000081013a6b        0x1 
 .rodata        0x0000000081013a6c       0x81 binaries/ctype_.o
                0x0000000081013a6c                _ctype_
 *fill*         0x0000000081013aed        0x3 
 .rodata.str1.4
                0x0000000081013af0       0x2f binaries/doprnt.o
 .rodata.str1.4
                0x0000000000000000       0x2d binaries/fdoprnt.o
 *fill*         0x0000000081013b1f        0x1 
 .rodata.str1.4
                0x0000000081013b20       0x86 binaries/naminit.o
                                         0x8e (size before relaxing)
 *fill*         0x0000000081013ba6        0x2 
 .rodata.str1.4
                0x0000000081013ba8       0xe5 binaries/ethinit.o
 *fill*         0x0000000081013c8d        0x3 
 .rodata.str1.4
                0x0000000081013c90       0x12 binaries/ethread.o
 *fill*         0x0000000081013ca2        0x2 
 .rodata.str1.4
                0x0000000081013ca4       0x2c binaries/rdsbufalloc.o
 .rodata.str1.4
                0x0000000081013cd0       0x76 binaries/rdscomm.o
 *fill*         0x0000000081013d46        0x2 
 .rodata.str1.4
                0x0000000081013d48       0x48 binaries/rdscontrol.o
 .rodata.str1.4
                0x0000000081013d90       0x96 binaries/rdsinit.o
 *fill*         0x0000000081013e26        0x2 
 .rodata.str1.4
                0x0000000081013e28       0x22 binaries/rdsopen.o
 *fill*         0x0000000081013e4a        0x2 
 .rodata.str1.4
                0x0000000081013e4c       0x4d binaries/rdsprocess.o
 *fill*         0x0000000081013e99        0x3 
 .rodata.str1.4
                0x0000000081013e9c        0x9 binaries/raminit.o
 *fill*         0x0000000081013ea5        0x3 
 .rodata.str1.4
                0x0000000081013ea8       0x37 binaries/lfdballoc.o
 *fill*         0x0000000081013edf        0x1 
 .rodata.str1.4
                0x0000000081013ee0       0x14 binaries/lfiballoc.o
 .rodata.str1.4
                0x0000000081013ef4       0x23 binaries/lflcontrol.o
 *fill*         0x0000000081013f17        0x1 
 .rodata.str1.4
                0x0000000081013f18       0xbb binaries/lfsckfmt.o
 *fill*         0x0000000081013fd3        0x1 
 .rodata.str1.4
                0x0000000081013fd4       0x21 binaries/rflread.o
 .rodata.str1.4
                0x0000000000000000       0x21 binaries/rflwrite.o
 *fill*         0x0000000081013ff5        0x3 
 .rodata.str1.4
                0x0000000081013ff8       0x75 binaries/rfscomm.o
 *fill*         0x000000008101406d        0x3 
 .rodata.str1.4
                0x0000000081014070       0x23 binaries/rfscontrol.o
 *fill*         0x0000000081014093        0x1 
 .rodata.str1.4
                0x0000000081014094       0x63 binaries/rfsinit.o
 *fill*         0x00000000810140f7        0x1 
 .rodata.str1.4
                0x00000000810140f8       0x2a binaries/rfsndmsg.o
 .rodata.str1.4
                0x0000000000000000       0x22 binaries/rfsopen.o
 *fill*         0x0000000081014122        0x2 
 .rodata.str1.4
                0x0000000081014124       0x3d binaries/arp.o
 *fill*         0x0000000081014161        0x3 
 .rodata.str1.4
                0x0000000081014164      0x462 binaries/dhcp.o
                                        0x466 (size before relaxing)
 *fill*         0x00000000810145c6        0x2 
 .rodata.str1.4
                0x00000000810145c8       0xca binaries/hexdump.o
                                         0xd6 (size before relaxing)
 *fill*         0x0000000081014692        0x2 
 .rodata.str1.4
                0x0000000081014694       0x29 binaries/icmp.o
 *fill*         0x00000000810146bd        0x3 
 .rodata.str1.4
                0x00000000810146c0       0x6e binaries/ip.o
 *fill*         0x000000008101472e        0x2 
 .rodata.str1.4
                0x0000000081014730       0x53 binaries/net.o
 *fill*         0x0000000081014783        0x1 
 .rodata.str1.4
                0x0000000081014784       0x7f binaries/netstart.o
 *fill*         0x0000000081014803        0x1 
 .rodata.str1.4
                0x0000000081014804      0x292 binaries/pdump.o
                                        0x296 (size before relaxing)
 *fill*         0x0000000081014a96        0x2 
 .rodata.str1.4
                0x0000000081014a98      0x178 binaries/tftp.o
                                        0x17c (size before relaxing)
 .rodata        0x0000000081014c10      0x12c binaries/shell.o
                0x0000000081014c10                cmdtab
 .rodata.str1.4
                0x0000000081014d3c      0x30b binaries/shell.o
                                        0x313 (size before relaxing)
 *fill*         0x0000000081015047        0x1 
 .rodata.str1.4
                0x0000000081015048       0x29 binaries/xsh_argecho.o
                                         0x2e (size before relaxing)
 *fill*         0x0000000081015071        0x3 
 .rodata.str1.4
                0x0000000081015074      0x13e binaries/xsh_arp.o
                                        0x142 (size before relaxing)
 *fill*         0x00000000810151b2        0x2 
 .rodata.str1.4
                0x00000000810151b4      0x15d binaries/xsh_boundedbuffer.o
                                        0x175 (size before relaxing)
 *fill*         0x0000000081015311        0x3 
 .rodata.str1.4
                0x0000000081015314       0x81 binaries/xsh_cat.o
                                         0xd1 (size before relaxing)
 *fill*         0x0000000081015395        0x3 
 .rodata.str1.4
                0x0000000081015398       0x15 binaries/xsh_clear.o
 *fill*         0x00000000810153ad        0x3 
 .rodata.str1.4
                0x00000000810153b0      0x17f binaries/xsh_date.o
                                        0x1cb (size before relaxing)
 *fill*         0x000000008101552f        0x1 
 .rodata.str1.4
                0x0000000081015530       0x61 binaries/xsh_devdump.o
 *fill*         0x0000000081015591        0x3 
 .rodata.str1.4
                0x0000000081015594        0x8 binaries/xsh_echo.o
                                          0xa (size before relaxing)
 .rodata.str1.4
                0x000000008101559c       0xea binaries/xsh_hello.o
                                        0x146 (size before relaxing)
 *fill*         0x0000000081015686        0x2 
 .rodata.str1.4
                0x0000000081015688       0xe7 binaries/xsh_help.o
                                        0x17a (size before relaxing)
 *fill*         0x000000008101576f        0x1 
 .rodata.str1.4
                0x0000000081015770       0xfb binaries/xsh_ipaddr.o
                                        0x1ab (size before relaxing)
 *fill*         0x000000008101586b        0x1 
 .rodata.str1.4
                0x000000008101586c       0xc8 binaries/xsh_kill.o
                                        0x136 (size before relaxing)
 .rodata.str1.4
                0x0000000081015934       0xf7 binaries/xsh_led.o
                                        0x16b (size before relaxing)
 *fill*         0x0000000081015a2b        0x1 
 .rodata.str1.4
                0x0000000081015a2c      0x1e2 binaries/xsh_memdump.o
                                        0x262 (size before relaxing)
 *fill*         0x0000000081015c0e        0x2 
 .rodata.str1.4
                0x0000000081015c10      0x1cc binaries/xsh_memstat.o
                                        0x232 (size before relaxing)
 .rodata.str1.4
                0x0000000081015ddc      0x13f binaries/xsh_ping.o
                                        0x1b2 (size before relaxing)
 *fill*         0x0000000081015f1b        0x1 
 .rodata.str1.4
                0x0000000081015f1c      0x207 binaries/xsh_prodcons.o
                                        0x27f (size before relaxing)
 *fill*         0x0000000081016123        0x1 
 .rodata        0x0000000081016124       0x20 binaries/xsh_ps.o
 .rodata.str1.4
                0x0000000081016144      0x11a binaries/xsh_ps.o
                                        0x1d2 (size before relaxing)
 *fill*         0x000000008101625e        0x2 
 .rodata.str1.4
                0x0000000081016260       0x28 binaries/xsh_reset.o
                                         0x84 (size before relaxing)
 .rodata.str1.4
                0x0000000081016288       0x5e binaries/xsh_sleep.o
                                         0xf6 (size before relaxing)
 *fill*         0x00000000810162e6        0x2 
 .rodata        0x00000000810162e8        0xc binaries/xsh_udpdump.o
 .rodata.str1.4
                0x00000000810162f4      0x122 binaries/xsh_udpdump.o
                                        0x1de (size before relaxing)
 *fill*         0x0000000081016416        0x2 
 .rodata.str1.4
                0x0000000081016418      0x1ae binaries/xsh_udpecho.o
                                        0x222 (size before relaxing)
 *fill*         0x00000000810165c6        0x2 
 .rodata.str1.4
                0x00000000810165c8       0x97 binaries/xsh_udpeserver.o
                                        0x13b (size before relaxing)
 *fill*         0x000000008101665f        0x1 
 .rodata.str1.4
                0x0000000081016660       0x77 binaries/xsh_uptime.o
                                        0x112 (size before relaxing)
 *fill*         0x00000000810166d7        0x1 
 .rodata.str1.4
                0x00000000810166d8        0xe binaries/bb_consume.o
 *fill*         0x00000000810166e6        0x2 
 .rodata.str1.4
                0x00000000810166e8        0xf binaries/bb_produce.o
 .rodata.str1.4
                0x0000000000000000        0xe binaries/consume.o
 *fill*         0x00000000810166f7        0x1 
 .rodata.str1.4
                0x00000000810166f8       0x24 binaries/future_cons.o
 .rodata.str1.4
                0x0000000000000000        0xf binaries/produce.o
                0x000000008101671c                etext = ABSOLUTE (.)
                0x0000000081017000                . = ALIGN (0x1000)
 *fill*         0x000000008101671c      0x8e4 

.glue_7         0x0000000081017000        0x0
 .glue_7        0x0000000000000000        0x0 linker stubs

.glue_7t        0x0000000081017000        0x0
 .glue_7t       0x0000000000000000        0x0 linker stubs

.vfp11_veneer   0x0000000081017000        0x0
 .vfp11_veneer  0x0000000000000000        0x0 linker stubs

.v4_bx          0x0000000081017000        0x0
 .v4_bx         0x0000000000000000        0x0 linker stubs

.iplt           0x0000000081017000        0x0
 .iplt          0x0000000000000000        0x0 binaries/start.o

.rel.dyn        0x0000000081017000        0x0
 .rel.iplt      0x0000000000000000        0x0 binaries/start.o

.data           0x0000000081017000     0x1000
                0x0000000081017000                data = ABSOLUTE (.)
 *(.data .data.*)
 .data          0x0000000081017000        0x0 binaries/start.o
 .data          0x0000000081017000       0x88 binaries/ascdate.o
                0x0000000081017000                Date
 .data          0x0000000081017088        0x0 binaries/bufinit.o
 .data          0x0000000081017088        0x0 binaries/chprio.o
 .data          0x0000000081017088        0x4 binaries/clkhandler.o
 .data          0x000000008101708c        0x0 binaries/clkinit.o
 .data          0x000000008101708c        0x0 binaries/close.o
 .data          0x000000008101708c      0x5a0 binaries/conf.o
                0x000000008101708c                devtab
 .data          0x000000008101762c        0x0 binaries/control.o
 .data          0x000000008101762c        0x4 binaries/create.o
 .data          0x0000000081017630       0x3d binaries/evec.o
                0x0000000081017630                expmsg2
                0x0000000081017644                expmsg1
 .data          0x000000008101766d        0x0 binaries/exit.o
 .data          0x000000008101766d        0x0 binaries/freebuf.o
 .data          0x000000008101766d        0x0 binaries/freemem.o
 .data          0x000000008101766d        0x0 binaries/future_alloc.o
 .data          0x000000008101766d        0x0 binaries/future_free.o
 .data          0x000000008101766d        0x0 binaries/future_get.o
 .data          0x000000008101766d        0x0 binaries/future_set.o
 .data          0x000000008101766d        0x0 binaries/getbuf.o
 .data          0x000000008101766d        0x0 binaries/getc.o
 .data          0x000000008101766d        0x0 binaries/getdev.o
 .data          0x000000008101766d        0x0 binaries/getitem.o
 .data          0x000000008101766d        0x0 binaries/getmem.o
 .data          0x000000008101766d        0x0 binaries/getpid.o
 .data          0x000000008101766d        0x0 binaries/getprio.o
 .data          0x000000008101766d        0x0 binaries/getstk.o
 .data          0x000000008101766d        0x0 binaries/gettime.o
 .data          0x000000008101766d        0x0 binaries/getutime.o
 .data          0x000000008101766d        0x0 binaries/init.o
 .data          0x000000008101766d        0x0 binaries/initialize.o
 .data          0x000000008101766d        0x0 binaries/insert.o
 .data          0x000000008101766d        0x0 binaries/insertd.o
 .data          0x000000008101766d        0x0 binaries/ioerr.o
 .data          0x000000008101766d        0x0 binaries/ionull.o
 .data          0x000000008101766d        0x0 binaries/kill.o
 .data          0x000000008101766d        0x0 binaries/kprintf.o
 *fill*         0x000000008101766d        0x3 
 .data          0x0000000081017670        0x4 binaries/main.o
                0x0000000081017670                gcounter
 .data          0x0000000081017674        0x0 binaries/mark.o
 .data          0x0000000081017674        0x0 binaries/meminit.o
 .data          0x0000000081017674        0x0 binaries/mkbufpool.o
 .data          0x0000000081017674        0x2 binaries/newqueue.o
 .data          0x0000000081017676        0x0 binaries/open.o
 .data          0x0000000081017676        0x0 binaries/panic.o
 .data          0x0000000081017676        0x0 binaries/platinit.o
 .data          0x0000000081017676        0x0 binaries/ptclear.o
 .data          0x0000000081017676        0x0 binaries/ptcount.o
 .data          0x0000000081017676        0x0 binaries/ptcreate.o
 .data          0x0000000081017676        0x0 binaries/ptdelete.o
 .data          0x0000000081017676        0x0 binaries/ptinit.o
 .data          0x0000000081017676        0x0 binaries/ptrecv.o
 .data          0x0000000081017676        0x0 binaries/ptreset.o
 .data          0x0000000081017676        0x0 binaries/ptsend.o
 .data          0x0000000081017676        0x0 binaries/putc.o
 .data          0x0000000081017676        0x0 binaries/queue.o
 .data          0x0000000081017676        0x0 binaries/read.o
 .data          0x0000000081017676        0x0 binaries/ready.o
 .data          0x0000000081017676        0x0 binaries/receive.o
 .data          0x0000000081017676        0x0 binaries/recvclr.o
 .data          0x0000000081017676        0x0 binaries/recvtime.o
 .data          0x0000000081017676        0x0 binaries/resched.o
 .data          0x0000000081017676        0x0 binaries/resume.o
 .data          0x0000000081017676        0x0 binaries/seek.o
 .data          0x0000000081017676        0x0 binaries/semcount.o
 .data          0x0000000081017676        0x0 binaries/semcreate.o
 .data          0x0000000081017676        0x0 binaries/semdelete.o
 .data          0x0000000081017676        0x0 binaries/semreset.o
 .data          0x0000000081017676        0x0 binaries/send.o
 .data          0x0000000081017676        0x0 binaries/signal.o
 .data          0x0000000081017676        0x0 binaries/signaln.o
 .data          0x0000000081017676        0x0 binaries/sleep.o
 .data          0x0000000081017676        0x0 binaries/suspend.o
 .data          0x0000000081017676        0x0 binaries/unsleep.o
 .data          0x0000000081017676        0x0 binaries/userret.o
 .data          0x0000000081017676        0x0 binaries/wait.o
 .data          0x0000000081017676        0x0 binaries/wakeup.o
 .data          0x0000000081017676        0x0 binaries/write.o
 .data          0x0000000081017676        0x0 binaries/xdone.o
 .data          0x0000000081017676        0x0 binaries/yield.o
 .data          0x0000000081017676        0x0 binaries/abs.o
 .data          0x0000000081017676        0x0 binaries/atoi.o
 .data          0x0000000081017676        0x0 binaries/atol.o
 .data          0x0000000081017676        0x0 binaries/bzero.o
 .data          0x0000000081017676        0x0 binaries/ctype_.o
 .data          0x0000000081017676        0x0 binaries/doprnt.o
 *fill*         0x0000000081017676        0x2 
 .data          0x0000000081017678       0x80 binaries/doscan.o
                0x0000000081017678                _sctab
 .data          0x00000000810176f8        0x0 binaries/fdoprnt.o
 .data          0x00000000810176f8        0x0 binaries/fgetc.o
 .data          0x00000000810176f8        0x0 binaries/fgets.o
 .data          0x00000000810176f8        0x0 binaries/fprintf.o
 .data          0x00000000810176f8        0x0 binaries/fputc.o
 .data          0x00000000810176f8        0x0 binaries/fputs.o
 .data          0x00000000810176f8        0x0 binaries/fscanf.o
 .data          0x00000000810176f8        0x0 binaries/getchar.o
 .data          0x00000000810176f8        0x0 binaries/labs.o
 .data          0x00000000810176f8        0x0 binaries/memchr.o
 .data          0x00000000810176f8        0x0 binaries/memcmp.o
 .data          0x00000000810176f8        0x0 binaries/memcpy.o
 .data          0x00000000810176f8        0x0 binaries/memset.o
 .data          0x00000000810176f8        0x0 binaries/printf.o
 .data          0x00000000810176f8        0x0 binaries/putchar.o
 .data          0x00000000810176f8        0x0 binaries/qsort.o
 .data          0x00000000810176f8        0x4 binaries/rand.o
 .data          0x00000000810176fc        0x0 binaries/sprintf.o
 .data          0x00000000810176fc        0x0 binaries/sscanf.o
 .data          0x00000000810176fc        0x0 binaries/strchr.o
 .data          0x00000000810176fc        0x0 binaries/strcmp.o
 .data          0x00000000810176fc        0x0 binaries/strcpy.o
 .data          0x00000000810176fc        0x0 binaries/strlen.o
 .data          0x00000000810176fc        0x0 binaries/strncat.o
 .data          0x00000000810176fc        0x0 binaries/strncmp.o
 .data          0x00000000810176fc        0x0 binaries/strncpy.o
 .data          0x00000000810176fc        0x0 binaries/strnlen.o
 .data          0x00000000810176fc        0x0 binaries/strrchr.o
 .data          0x00000000810176fc        0x0 binaries/strstr.o
 .data          0x00000000810176fc        0x0 binaries/ttycontrol.o
 .data          0x00000000810176fc        0x0 binaries/ttygetc.o
 .data          0x00000000810176fc        0x0 binaries/ttyhandle_in.o
 .data          0x00000000810176fc        0x0 binaries/ttyhandle_out.o
 .data          0x00000000810176fc        0x0 binaries/ttyhandler.o
 .data          0x00000000810176fc        0x0 binaries/ttyinit.o
 .data          0x00000000810176fc        0x0 binaries/ttykickout.o
 .data          0x00000000810176fc        0x0 binaries/ttyputc.o
 .data          0x00000000810176fc        0x0 binaries/ttyread.o
 .data          0x00000000810176fc        0x0 binaries/ttywrite.o
 .data          0x00000000810176fc        0x0 binaries/mount.o
 .data          0x00000000810176fc        0x0 binaries/naminit.o
 .data          0x00000000810176fc        0x0 binaries/nammap.o
 .data          0x00000000810176fc        0x0 binaries/namopen.o
 .data          0x00000000810176fc        0x0 binaries/colon2mac.o
 .data          0x00000000810176fc        0x0 binaries/ethcontrol.o
 .data          0x00000000810176fc        0x0 binaries/ethhandler.o
 .data          0x00000000810176fc        0x0 binaries/ethinit.o
 .data          0x00000000810176fc        0x0 binaries/ethread.o
 .data          0x00000000810176fc        0x0 binaries/ethwrite.o
 .data          0x00000000810176fc        0x0 binaries/rdsbufalloc.o
 .data          0x00000000810176fc        0x0 binaries/rdsclose.o
 .data          0x00000000810176fc        0x0 binaries/rdscomm.o
 .data          0x00000000810176fc        0x0 binaries/rdscontrol.o
 .data          0x00000000810176fc        0x0 binaries/rdsinit.o
 .data          0x00000000810176fc        0x0 binaries/rdsopen.o
 .data          0x00000000810176fc        0x0 binaries/rdsprocess.o
 .data          0x00000000810176fc        0x0 binaries/rdsread.o
 .data          0x00000000810176fc        0x0 binaries/rdswrite.o
 .data          0x00000000810176fc        0x0 binaries/ramclose.o
 .data          0x00000000810176fc        0x0 binaries/raminit.o
 .data          0x00000000810176fc        0x0 binaries/ramopen.o
 .data          0x00000000810176fc        0x0 binaries/ramread.o
 .data          0x00000000810176fc        0x0 binaries/ramwrite.o
 .data          0x00000000810176fc        0x0 binaries/lfdballoc.o
 .data          0x00000000810176fc        0x0 binaries/lfdbfree.o
 .data          0x00000000810176fc        0x0 binaries/lfflush.o
 .data          0x00000000810176fc        0x0 binaries/lfgetmode.o
 .data          0x00000000810176fc        0x0 binaries/lfiballoc.o
 .data          0x00000000810176fc        0x0 binaries/lfibclear.o
 .data          0x00000000810176fc        0x0 binaries/lfibget.o
 .data          0x00000000810176fc        0x0 binaries/lfibput.o
 .data          0x00000000810176fc        0x0 binaries/lflclose.o
 .data          0x00000000810176fc        0x0 binaries/lflcontrol.o
 .data          0x00000000810176fc        0x0 binaries/lflgetc.o
 .data          0x00000000810176fc        0x0 binaries/lflinit.o
 .data          0x00000000810176fc        0x0 binaries/lflputc.o
 .data          0x00000000810176fc        0x0 binaries/lflread.o
 .data          0x00000000810176fc        0x0 binaries/lflseek.o
 .data          0x00000000810176fc        0x0 binaries/lflwrite.o
 .data          0x00000000810176fc        0x0 binaries/lfsckfmt.o
 .data          0x00000000810176fc        0x0 binaries/lfscreate.o
 .data          0x00000000810176fc        0x0 binaries/lfsetup.o
 .data          0x00000000810176fc        0x0 binaries/lfsinit.o
 .data          0x00000000810176fc        0x0 binaries/lfsopen.o
 .data          0x00000000810176fc        0x0 binaries/lftruncate.o
 .data          0x00000000810176fc        0x0 binaries/rflclose.o
 .data          0x00000000810176fc        0x0 binaries/rflgetc.o
 .data          0x00000000810176fc        0x0 binaries/rflinit.o
 .data          0x00000000810176fc        0x0 binaries/rflputc.o
 .data          0x00000000810176fc        0x0 binaries/rflread.o
 .data          0x00000000810176fc        0x0 binaries/rflseek.o
 .data          0x00000000810176fc        0x0 binaries/rflwrite.o
 .data          0x00000000810176fc        0x0 binaries/rfscomm.o
 .data          0x00000000810176fc        0x0 binaries/rfscontrol.o
 .data          0x00000000810176fc        0x0 binaries/rfsgetmode.o
 .data          0x00000000810176fc        0x0 binaries/rfsinit.o
 .data          0x00000000810176fc        0x0 binaries/rfsndmsg.o
 .data          0x00000000810176fc        0x0 binaries/rfsopen.o
 .data          0x00000000810176fc        0x0 binaries/arp.o
 .data          0x00000000810176fc        0x0 binaries/dhcp.o
 .data          0x00000000810176fc        0x0 binaries/dns.o
 .data          0x00000000810176fc        0x0 binaries/dot2ip.o
 .data          0x00000000810176fc        0x0 binaries/hexdump.o
 .data          0x00000000810176fc        0x4 binaries/icmp.o
 .data          0x0000000081017700        0x0 binaries/ip.o
 .data          0x0000000081017700        0x0 binaries/net.o
 .data          0x0000000081017700        0x0 binaries/netstart.o
 .data          0x0000000081017700        0x0 binaries/pdump.o
 .data          0x0000000081017700        0x0 binaries/tftp.o
 .data          0x0000000081017700        0x4 binaries/udp.o
 .data          0x0000000081017704        0x0 binaries/addargs.o
 .data          0x0000000081017704        0x0 binaries/lexan.o
 .data          0x0000000081017704        0x4 binaries/shell.o
                0x0000000081017704                ncmd
 .data          0x0000000081017708        0x0 binaries/xsh_argecho.o
 .data          0x0000000081017708        0x0 binaries/xsh_arp.o
 .data          0x0000000081017708        0x0 binaries/xsh_boundedbuffer.o
 .data          0x0000000081017708        0x0 binaries/xsh_cat.o
 .data          0x0000000081017708        0x0 binaries/xsh_clear.o
 .data          0x0000000081017708        0x0 binaries/xsh_date.o
 .data          0x0000000081017708        0x0 binaries/xsh_devdump.o
 .data          0x0000000081017708        0x0 binaries/xsh_echo.o
 .data          0x0000000081017708        0x0 binaries/xsh_exit.o
 .data          0x0000000081017708        0x0 binaries/xsh_hello.o
 .data          0x0000000081017708        0x0 binaries/xsh_help.o
 .data          0x0000000081017708        0x0 binaries/xsh_ipaddr.o
 .data          0x0000000081017708        0x0 binaries/xsh_kill.o
 .data          0x0000000081017708        0x0 binaries/xsh_led.o
 .data          0x0000000081017708        0x0 binaries/xsh_memdump.o
 .data          0x0000000081017708        0x0 binaries/xsh_memstat.o
 .data          0x0000000081017708        0x0 binaries/xsh_ping.o
 .data          0x0000000081017708        0x0 binaries/xsh_prodcons.o
 .data          0x0000000081017708        0x0 binaries/xsh_ps.o
 .data          0x0000000081017708        0x0 binaries/xsh_reset.o
 .data          0x0000000081017708        0x0 binaries/xsh_sleep.o
 .data          0x0000000081017708        0x0 binaries/xsh_udpdump.o
 .data          0x0000000081017708        0x0 binaries/xsh_udpecho.o
 .data          0x0000000081017708        0x0 binaries/xsh_udpeserver.o
 .data          0x0000000081017708        0x0 binaries/xsh_uptime.o
 .data          0x0000000081017708        0x0 binaries/bb_consume.o
 .data          0x0000000081017708        0x0 binaries/bb_produce.o
 .data          0x0000000081017708        0x0 binaries/consume.o
 .data          0x0000000081017708        0x0 binaries/future_cons.o
 .data          0x0000000081017708        0x0 binaries/future_prod.o
 .data          0x0000000081017708        0x0 binaries/produce.o
 .data          0x0000000081017708        0x0 binaries/ctxsw.o
 .data          0x0000000081017708        0x0 binaries/intr.o
 .data          0x0000000081017708        0x0 /usr/lib/gcc/arm-none-eabi/4.9.3/libgcc.a(_udivsi3.o)
 .data          0x0000000081017708        0x0 /usr/lib/gcc/arm-none-eabi/4.9.3/libgcc.a(_divsi3.o)
 .data          0x0000000081017708        0x0 /usr/lib/gcc/arm-none-eabi/4.9.3/libgcc.a(_dvmd_tls.o)
                0x0000000081017708                edata = ABSOLUTE (.)
                0x0000000081018000                . = ALIGN (0x1000)
 *fill*         0x0000000081017708      0x8f8 

.igot.plt       0x0000000081018000        0x0
 .igot.plt      0x0000000000000000        0x0 binaries/start.o

.bss            0x0000000081018000    0x20000
                0x0000000081018000                bss = ABSOLUTE (.)
 *(.bss .bss.*)
 .bss           0x0000000081018000        0x0 binaries/start.o
 .bss           0x0000000081018000        0x0 binaries/ascdate.o
 .bss           0x0000000081018000        0x0 binaries/bufinit.o
 .bss           0x0000000081018000        0x0 binaries/chprio.o
 .bss           0x0000000081018000        0x0 binaries/clkhandler.o
 .bss           0x0000000081018000        0x4 binaries/clkinit.o
                0x0000000081018000                ctr1000
 .bss           0x0000000081018004        0x0 binaries/close.o
 .bss           0x0000000081018004        0x0 binaries/conf.o
 .bss           0x0000000081018004        0x0 binaries/control.o
 .bss           0x0000000081018004        0x0 binaries/create.o
 .bss           0x0000000081018004        0x0 binaries/evec.o
 .bss           0x0000000081018004        0x0 binaries/exit.o
 .bss           0x0000000081018004        0x0 binaries/freebuf.o
 .bss           0x0000000081018004        0x0 binaries/freemem.o
 .bss           0x0000000081018004        0x0 binaries/future_alloc.o
 .bss           0x0000000081018004        0x0 binaries/future_free.o
 .bss           0x0000000081018004        0x0 binaries/future_get.o
 .bss           0x0000000081018004        0x0 binaries/future_set.o
 .bss           0x0000000081018004        0x0 binaries/getbuf.o
 .bss           0x0000000081018004        0x0 binaries/getc.o
 .bss           0x0000000081018004        0x0 binaries/getdev.o
 .bss           0x0000000081018004        0x0 binaries/getitem.o
 .bss           0x0000000081018004        0x0 binaries/getmem.o
 .bss           0x0000000081018004        0x0 binaries/getpid.o
 .bss           0x0000000081018004        0x0 binaries/getprio.o
 .bss           0x0000000081018004        0x0 binaries/getstk.o
 .bss           0x0000000081018004        0x0 binaries/gettime.o
 .bss           0x0000000081018004        0x0 binaries/getutime.o
 .bss           0x0000000081018004        0x0 binaries/init.o
 .bss           0x0000000081018004        0x0 binaries/initialize.o
 .bss           0x0000000081018004        0x0 binaries/insert.o
 .bss           0x0000000081018004        0x0 binaries/insertd.o
 .bss           0x0000000081018004        0x0 binaries/ioerr.o
 .bss           0x0000000081018004        0x0 binaries/ionull.o
 .bss           0x0000000081018004        0x0 binaries/kill.o
 .bss           0x0000000081018004        0x0 binaries/kprintf.o
 .bss           0x0000000081018004        0x0 binaries/main.o
 .bss           0x0000000081018004        0x0 binaries/mark.o
 .bss           0x0000000081018004        0x0 binaries/meminit.o
 .bss           0x0000000081018004        0x0 binaries/mkbufpool.o
 .bss           0x0000000081018004        0x0 binaries/newqueue.o
 .bss           0x0000000081018004        0x0 binaries/open.o
 .bss           0x0000000081018004        0x0 binaries/panic.o
 .bss           0x0000000081018004        0x0 binaries/platinit.o
 .bss           0x0000000081018004        0x0 binaries/ptclear.o
 .bss           0x0000000081018004        0x0 binaries/ptcount.o
 .bss           0x0000000081018004        0x0 binaries/ptcreate.o
 .bss           0x0000000081018004        0x0 binaries/ptdelete.o
 .bss           0x0000000081018004        0x0 binaries/ptinit.o
 .bss           0x0000000081018004        0x0 binaries/ptrecv.o
 .bss           0x0000000081018004        0x0 binaries/ptreset.o
 .bss           0x0000000081018004        0x0 binaries/ptsend.o
 .bss           0x0000000081018004        0x0 binaries/putc.o
 .bss           0x0000000081018004        0x0 binaries/queue.o
 .bss           0x0000000081018004        0x0 binaries/read.o
 .bss           0x0000000081018004        0x0 binaries/ready.o
 .bss           0x0000000081018004        0x0 binaries/receive.o
 .bss           0x0000000081018004        0x0 binaries/recvclr.o
 .bss           0x0000000081018004        0x0 binaries/recvtime.o
 .bss           0x0000000081018004        0x0 binaries/resched.o
 .bss           0x0000000081018004        0x0 binaries/resume.o
 .bss           0x0000000081018004        0x0 binaries/seek.o
 .bss           0x0000000081018004        0x0 binaries/semcount.o
 .bss           0x0000000081018004        0x4 binaries/semcreate.o
 .bss           0x0000000081018008        0x0 binaries/semdelete.o
 .bss           0x0000000081018008        0x0 binaries/semreset.o
 .bss           0x0000000081018008        0x0 binaries/send.o
 .bss           0x0000000081018008        0x0 binaries/signal.o
 .bss           0x0000000081018008        0x0 binaries/signaln.o
 .bss           0x0000000081018008        0x0 binaries/sleep.o
 .bss           0x0000000081018008        0x0 binaries/suspend.o
 .bss           0x0000000081018008        0x0 binaries/unsleep.o
 .bss           0x0000000081018008        0x0 binaries/userret.o
 .bss           0x0000000081018008        0x0 binaries/wait.o
 .bss           0x0000000081018008        0x0 binaries/wakeup.o
 .bss           0x0000000081018008        0x0 binaries/write.o
 .bss           0x0000000081018008        0x0 binaries/xdone.o
 .bss           0x0000000081018008        0x0 binaries/yield.o
 .bss           0x0000000081018008        0x0 binaries/abs.o
 .bss           0x0000000081018008        0x0 binaries/atoi.o
 .bss           0x0000000081018008        0x0 binaries/atol.o
 .bss           0x0000000081018008        0x0 binaries/bzero.o
 .bss           0x0000000081018008        0x0 binaries/ctype_.o
 .bss           0x0000000081018008        0x0 binaries/doprnt.o
 .bss           0x0000000081018008        0x0 binaries/doscan.o
 .bss           0x0000000081018008        0x0 binaries/fdoprnt.o
 .bss           0x0000000081018008        0x0 binaries/fgetc.o
 .bss           0x0000000081018008        0x0 binaries/fgets.o
 .bss           0x0000000081018008        0x0 binaries/fprintf.o
 .bss           0x0000000081018008        0x0 binaries/fputc.o
 .bss           0x0000000081018008        0x0 binaries/fputs.o
 .bss           0x0000000081018008        0x0 binaries/fscanf.o
 .bss           0x0000000081018008        0x0 binaries/getchar.o
 .bss           0x0000000081018008        0x0 binaries/labs.o
 .bss           0x0000000081018008        0x0 binaries/memchr.o
 .bss           0x0000000081018008        0x0 binaries/memcmp.o
 .bss           0x0000000081018008        0x0 binaries/memcpy.o
 .bss           0x0000000081018008        0x0 binaries/memset.o
 .bss           0x0000000081018008        0x0 binaries/printf.o
 .bss           0x0000000081018008        0x0 binaries/putchar.o
 .bss           0x0000000081018008        0x8 binaries/qsort.o
 .bss           0x0000000081018010        0x0 binaries/rand.o
 .bss           0x0000000081018010        0x0 binaries/sprintf.o
 .bss           0x0000000081018010        0x0 binaries/sscanf.o
 .bss           0x0000000081018010        0x0 binaries/strchr.o
 .bss           0x0000000081018010        0x0 binaries/strcmp.o
 .bss           0x0000000081018010        0x0 binaries/strcpy.o
 .bss           0x0000000081018010        0x0 binaries/strlen.o
 .bss           0x0000000081018010        0x0 binaries/strncat.o
 .bss           0x0000000081018010        0x0 binaries/strncmp.o
 .bss           0x0000000081018010        0x0 binaries/strncpy.o
 .bss           0x0000000081018010        0x0 binaries/strnlen.o
 .bss           0x0000000081018010        0x0 binaries/strrchr.o
 .bss           0x0000000081018010        0x0 binaries/strstr.o
 .bss           0x0000000081018010        0x0 binaries/ttycontrol.o
 .bss           0x0000000081018010        0x0 binaries/ttygetc.o
 .bss           0x0000000081018010        0x0 binaries/ttyhandle_in.o
 .bss           0x0000000081018010        0x0 binaries/ttyhandle_out.o
 .bss           0x0000000081018010        0x0 binaries/ttyhandler.o
 .bss           0x0000000081018010        0x0 binaries/ttyinit.o
 .bss           0x0000000081018010        0x0 binaries/ttykickout.o
 .bss           0x0000000081018010        0x0 binaries/ttyputc.o
 .bss           0x0000000081018010        0x0 binaries/ttyread.o
 .bss           0x0000000081018010        0x0 binaries/ttywrite.o
 .bss           0x0000000081018010        0x0 binaries/mount.o
 .bss           0x0000000081018010        0x0 binaries/naminit.o
 .bss           0x0000000081018010        0x0 binaries/nammap.o
 .bss           0x0000000081018010        0x0 binaries/namopen.o
 .bss           0x0000000081018010        0x0 binaries/colon2mac.o
 .bss           0x0000000081018010        0x0 binaries/ethcontrol.o
 .bss           0x0000000081018010        0x0 binaries/ethhandler.o
 .bss           0x0000000081018010        0x0 binaries/ethinit.o
 .bss           0x0000000081018010        0x0 binaries/ethread.o
 .bss           0x0000000081018010        0x0 binaries/ethwrite.o
 .bss           0x0000000081018010        0x0 binaries/rdsbufalloc.o
 .bss           0x0000000081018010        0x0 binaries/rdsclose.o
 .bss           0x0000000081018010        0x0 binaries/rdscomm.o
 .bss           0x0000000081018010        0x0 binaries/rdscontrol.o
 .bss           0x0000000081018010        0x0 binaries/rdsinit.o
 .bss           0x0000000081018010        0x0 binaries/rdsopen.o
 .bss           0x0000000081018010        0x0 binaries/rdsprocess.o
 .bss           0x0000000081018010        0x0 binaries/rdsread.o
 .bss           0x0000000081018010        0x0 binaries/rdswrite.o
 .bss           0x0000000081018010        0x0 binaries/ramclose.o
 .bss           0x0000000081018010        0x0 binaries/raminit.o
 .bss           0x0000000081018010        0x0 binaries/ramopen.o
 .bss           0x0000000081018010        0x0 binaries/ramread.o
 .bss           0x0000000081018010        0x0 binaries/ramwrite.o
 .bss           0x0000000081018010        0x0 binaries/lfdballoc.o
 .bss           0x0000000081018010        0x0 binaries/lfdbfree.o
 .bss           0x0000000081018010        0x0 binaries/lfflush.o
 .bss           0x0000000081018010        0x0 binaries/lfgetmode.o
 .bss           0x0000000081018010        0x0 binaries/lfiballoc.o
 .bss           0x0000000081018010        0x0 binaries/lfibclear.o
 .bss           0x0000000081018010        0x0 binaries/lfibget.o
 .bss           0x0000000081018010        0x0 binaries/lfibput.o
 .bss           0x0000000081018010        0x0 binaries/lflclose.o
 .bss           0x0000000081018010        0x0 binaries/lflcontrol.o
 .bss           0x0000000081018010        0x0 binaries/lflgetc.o
 .bss           0x0000000081018010        0x0 binaries/lflinit.o
 .bss           0x0000000081018010        0x0 binaries/lflputc.o
 .bss           0x0000000081018010        0x0 binaries/lflread.o
 .bss           0x0000000081018010        0x0 binaries/lflseek.o
 .bss           0x0000000081018010        0x0 binaries/lflwrite.o
 .bss           0x0000000081018010        0x0 binaries/lfsckfmt.o
 .bss           0x0000000081018010        0x0 binaries/lfscreate.o
 .bss           0x0000000081018010        0x0 binaries/lfsetup.o
 .bss           0x0000000081018010        0x0 binaries/lfsinit.o
 .bss           0x0000000081018010        0x0 binaries/lfsopen.o
 .bss           0x0000000081018010        0x0 binaries/lftruncate.o
 .bss           0x0000000081018010        0x0 binaries/rflclose.o
 .bss           0x0000000081018010        0x0 binaries/rflgetc.o
 .bss           0x0000000081018010        0x0 binaries/rflinit.o
 .bss           0x0000000081018010        0x0 binaries/rflputc.o
 .bss           0x0000000081018010        0x0 binaries/rflread.o
 .bss           0x0000000081018010        0x0 binaries/rflseek.o
 .bss           0x0000000081018010        0x0 binaries/rflwrite.o
 .bss           0x0000000081018010        0x0 binaries/rfscomm.o
 .bss           0x0000000081018010        0x0 binaries/rfscontrol.o
 .bss           0x0000000081018010        0x0 binaries/rfsgetmode.o
 .bss           0x0000000081018010        0x0 binaries/rfsinit.o
 .bss           0x0000000081018010        0x0 binaries/rfsndmsg.o
 .bss           0x0000000081018010        0x0 binaries/rfsopen.o
 .bss           0x0000000081018010        0x0 binaries/arp.o
 .bss           0x0000000081018010        0x0 binaries/dhcp.o
 .bss           0x0000000081018010        0x0 binaries/dns.o
 .bss           0x0000000081018010        0x0 binaries/dot2ip.o
 .bss           0x0000000081018010        0x0 binaries/hexdump.o
 .bss           0x0000000081018010        0x0 binaries/icmp.o
 .bss           0x0000000081018010        0x0 binaries/ip.o
 .bss           0x0000000081018010        0x0 binaries/net.o
 .bss           0x0000000081018010        0x0 binaries/netstart.o
 .bss           0x0000000081018010        0x0 binaries/pdump.o
 .bss           0x0000000081018010        0x0 binaries/tftp.o
 .bss           0x0000000081018010        0x0 binaries/udp.o
 .bss           0x0000000081018010        0x0 binaries/addargs.o
 .bss           0x0000000081018010        0x0 binaries/lexan.o
 .bss           0x0000000081018010        0x0 binaries/shell.o
 .bss           0x0000000081018010        0x0 binaries/xsh_argecho.o
 .bss           0x0000000081018010        0x0 binaries/xsh_arp.o
 .bss           0x0000000081018010        0x0 binaries/xsh_boundedbuffer.o
 .bss           0x0000000081018010        0x0 binaries/xsh_cat.o
 .bss           0x0000000081018010        0x0 binaries/xsh_clear.o
 .bss           0x0000000081018010        0x0 binaries/xsh_date.o
 .bss           0x0000000081018010        0x0 binaries/xsh_devdump.o
 .bss           0x0000000081018010        0x0 binaries/xsh_echo.o
 .bss           0x0000000081018010        0x0 binaries/xsh_exit.o
 .bss           0x0000000081018010        0x0 binaries/xsh_hello.o
 .bss           0x0000000081018010        0x0 binaries/xsh_help.o
 .bss           0x0000000081018010        0x0 binaries/xsh_ipaddr.o
 .bss           0x0000000081018010        0x0 binaries/xsh_kill.o
 .bss           0x0000000081018010        0x0 binaries/xsh_led.o
 .bss           0x0000000081018010        0x0 binaries/xsh_memdump.o
 .bss           0x0000000081018010        0x0 binaries/xsh_memstat.o
 .bss           0x0000000081018010        0x4 binaries/xsh_ping.o
 .bss           0x0000000081018014        0x0 binaries/xsh_prodcons.o
 .bss           0x0000000081018014        0x0 binaries/xsh_ps.o
 .bss           0x0000000081018014        0x0 binaries/xsh_reset.o
 .bss           0x0000000081018014        0x0 binaries/xsh_sleep.o
 .bss           0x0000000081018014        0x0 binaries/xsh_udpdump.o
 .bss           0x0000000081018014        0x0 binaries/xsh_udpecho.o
 .bss           0x0000000081018014        0x0 binaries/xsh_udpeserver.o
 .bss           0x0000000081018014        0x0 binaries/xsh_uptime.o
[...]
 .ARM.attributes
                0x00000000000024ca       0x35 binaries/rfscontrol.o
 .ARM.attributes
                0x00000000000024ff       0x35 binaries/rfsgetmode.o
 .ARM.attributes
                0x0000000000002534       0x35 binaries/rfsinit.o
 .ARM.attributes
                0x0000000000002569       0x35 binaries/rfsndmsg.o
 .ARM.attributes
                0x000000000000259e       0x35 binaries/rfsopen.o
 .ARM.attributes
                0x00000000000025d3       0x35 binaries/arp.o
 .ARM.attributes
                0x0000000000002608       0x35 binaries/dhcp.o
 .ARM.attributes
                0x000000000000263d       0x35 binaries/dns.o
 .ARM.attributes
                0x0000000000002672       0x35 binaries/dot2ip.o
 .ARM.attributes
                0x00000000000026a7       0x35 binaries/hexdump.o
 .ARM.attributes
                0x00000000000026dc       0x35 binaries/icmp.o
 .ARM.attributes
                0x0000000000002711       0x35 binaries/ip.o
 .ARM.attributes
                0x0000000000002746       0x35 binaries/net.o
 .ARM.attributes
                0x000000000000277b       0x35 binaries/netstart.o
 .ARM.attributes
                0x00000000000027b0       0x35 binaries/pdump.o
 .ARM.attributes
                0x00000000000027e5       0x35 binaries/tftp.o
 .ARM.attributes
                0x000000000000281a       0x35 binaries/udp.o
 .ARM.attributes
                0x000000000000284f       0x35 binaries/addargs.o
 .ARM.attributes
                0x0000000000002884       0x35 binaries/lexan.o
 .ARM.attributes
                0x00000000000028b9       0x35 binaries/shell.o
 .ARM.attributes
                0x00000000000028ee       0x35 binaries/xsh_argecho.o
 .ARM.attributes
                0x0000000000002923       0x35 binaries/xsh_arp.o
 .ARM.attributes
                0x0000000000002958       0x35 binaries/xsh_boundedbuffer.o
 .ARM.attributes
                0x000000000000298d       0x35 binaries/xsh_cat.o
 .ARM.attributes
                0x00000000000029c2       0x35 binaries/xsh_clear.o
 .ARM.attributes
                0x00000000000029f7       0x35 binaries/xsh_date.o
 .ARM.attributes
                0x0000000000002a2c       0x35 binaries/xsh_devdump.o
 .ARM.attributes
                0x0000000000002a61       0x35 binaries/xsh_echo.o
 .ARM.attributes
                0x0000000000002a96       0x35 binaries/xsh_exit.o
 .ARM.attributes
                0x0000000000002acb       0x35 binaries/xsh_hello.o
 .ARM.attributes
                0x0000000000002b00       0x35 binaries/xsh_help.o
 .ARM.attributes
                0x0000000000002b35       0x35 binaries/xsh_ipaddr.o
 .ARM.attributes
                0x0000000000002b6a       0x35 binaries/xsh_kill.o
 .ARM.attributes
                0x0000000000002b9f       0x35 binaries/xsh_led.o
 .ARM.attributes
                0x0000000000002bd4       0x35 binaries/xsh_memdump.o
 .ARM.attributes
                0x0000000000002c09       0x35 binaries/xsh_memstat.o
 .ARM.attributes
                0x0000000000002c3e       0x35 binaries/xsh_ping.o
 .ARM.attributes
                0x0000000000002c73       0x35 binaries/xsh_prodcons.o
 .ARM.attributes
                0x0000000000002ca8       0x35 binaries/xsh_ps.o
 .ARM.attributes
                0x0000000000002cdd       0x35 binaries/xsh_reset.o
 .ARM.attributes
                0x0000000000002d12       0x35 binaries/xsh_sleep.o
 .ARM.attributes
                0x0000000000002d47       0x35 binaries/xsh_udpdump.o
 .ARM.attributes
                0x0000000000002d7c       0x35 binaries/xsh_udpecho.o
 .ARM.attributes
                0x0000000000002db1       0x35 binaries/xsh_udpeserver.o
 .ARM.attributes
                0x0000000000002de6       0x35 binaries/xsh_uptime.o
 .ARM.attributes
                0x0000000000002e1b       0x35 binaries/bb_consume.o
 .ARM.attributes
                0x0000000000002e50       0x35 binaries/bb_produce.o
 .ARM.attributes
                0x0000000000002e85       0x35 binaries/consume.o
 .ARM.attributes
                0x0000000000002eba       0x35 binaries/future_cons.o
 .ARM.attributes
                0x0000000000002eef       0x35 binaries/future_prod.o
 .ARM.attributes
                0x0000000000002f24       0x35 binaries/produce.o
 .ARM.attributes
                0x0000000000002f59       0x25 binaries/ctxsw.o
 .ARM.attributes
                0x0000000000002f7e       0x25 binaries/intr.o
 .ARM.attributes
                0x0000000000002fa3       0x18 /usr/lib/gcc/arm-none-eabi/4.9.3/libgcc.a(_udivsi3.o)
 .ARM.attributes
                0x0000000000002fbb       0x18 /usr/lib/gcc/arm-none-eabi/4.9.3/libgcc.a(_divsi3.o)
 .ARM.attributes
                0x0000000000002fd3       0x18 /usr/lib/gcc/arm-none-eabi/4.9.3/libgcc.a(_dvmd_tls.o)

.comment        0x0000000000000000       0x70
 .comment       0x0000000000000000       0x70 binaries/ascdate.o
                                         0x71 (size before relaxing)
 .comment       0x0000000000000000       0x71 binaries/bufinit.o
 .comment       0x0000000000000000       0x71 binaries/chprio.o
 .comment       0x0000000000000000       0x71 binaries/clkhandler.o
 .comment       0x0000000000000000       0x71 binaries/clkinit.o
 .comment       0x0000000000000000       0x71 binaries/close.o
 .comment       0x0000000000000000       0x71 binaries/conf.o
 .comment       0x0000000000000000       0x71 binaries/control.o
 .comment       0x0000000000000000       0x71 binaries/create.o
 .comment       0x0000000000000000       0x71 binaries/evec.o
 .comment       0x0000000000000000       0x71 binaries/exit.o
 .comment       0x0000000000000000       0x71 binaries/freebuf.o
 .comment       0x0000000000000000       0x71 binaries/freemem.o
 .comment       0x0000000000000000       0x71 binaries/future_alloc.o
 .comment       0x0000000000000000       0x71 binaries/future_free.o
 .comment       0x0000000000000000       0x71 binaries/future_get.o
 .comment       0x0000000000000000       0x71 binaries/future_set.o
 .comment       0x0000000000000000       0x71 binaries/getbuf.o
 .comment       0x0000000000000000       0x71 binaries/getc.o
 .comment       0x0000000000000000       0x71 binaries/getdev.o
 .comment       0x0000000000000000       0x71 binaries/getitem.o
 .comment       0x0000000000000000       0x71 binaries/getmem.o
 .comment       0x0000000000000000       0x71 binaries/getpid.o
 .comment       0x0000000000000000       0x71 binaries/getprio.o
 .comment       0x0000000000000000       0x71 binaries/getstk.o
 .comment       0x0000000000000000       0x71 binaries/gettime.o
 .comment       0x0000000000000000       0x71 binaries/getutime.o
 .comment       0x0000000000000000       0x71 binaries/init.o
 .comment       0x0000000000000000       0x71 binaries/initialize.o
 .comment       0x0000000000000000       0x71 binaries/insert.o
 .comment       0x0000000000000000       0x71 binaries/insertd.o
 .comment       0x0000000000000000       0x71 binaries/ioerr.o
 .comment       0x0000000000000000       0x71 binaries/ionull.o
 .comment       0x0000000000000000       0x71 binaries/kill.o
 .comment       0x0000000000000000       0x71 binaries/kprintf.o
 .comment       0x0000000000000000       0x71 binaries/main.o
 .comment       0x0000000000000000       0x71 binaries/mark.o
 .comment       0x0000000000000000       0x71 binaries/meminit.o
 .comment       0x0000000000000000       0x71 binaries/mkbufpool.o
 .comment       0x0000000000000000       0x71 binaries/newqueue.o
 .comment       0x0000000000000000       0x71 binaries/open.o
 .comment       0x0000000000000000       0x71 binaries/panic.o
 .comment       0x0000000000000000       0x71 binaries/platinit.o
 .comment       0x0000000000000000       0x71 binaries/ptclear.o
 .comment       0x0000000000000000       0x71 binaries/ptcount.o
 .comment       0x0000000000000000       0x71 binaries/ptcreate.o
 .comment       0x0000000000000000       0x71 binaries/ptdelete.o
 .comment       0x0000000000000000       0x71 binaries/ptinit.o
 .comment       0x0000000000000000       0x71 binaries/ptrecv.o
 .comment       0x0000000000000000       0x71 binaries/ptreset.o
 .comment       0x0000000000000000       0x71 binaries/ptsend.o
 .comment       0x0000000000000000       0x71 binaries/putc.o
 .comment       0x0000000000000000       0x71 binaries/queue.o
 .comment       0x0000000000000000       0x71 binaries/read.o
 .comment       0x0000000000000000       0x71 binaries/ready.o
 .comment       0x0000000000000000       0x71 binaries/receive.o
 .comment       0x0000000000000000       0x71 binaries/recvclr.o
 .comment       0x0000000000000000       0x71 binaries/recvtime.o
 .comment       0x0000000000000000       0x71 binaries/resched.o
 .comment       0x0000000000000000       0x71 binaries/resume.o
 .comment       0x0000000000000000       0x71 binaries/seek.o
 .comment       0x0000000000000000       0x71 binaries/semcount.o
 .comment       0x0000000000000000       0x71 binaries/semcreate.o
 .comment       0x0000000000000000       0x71 binaries/semdelete.o
 .comment       0x0000000000000000       0x71 binaries/semreset.o
 .comment       0x0000000000000000       0x71 binaries/send.o
 .comment       0x0000000000000000       0x71 binaries/signal.o
 .comment       0x0000000000000000       0x71 binaries/signaln.o
 .comment       0x0000000000000000       0x71 binaries/sleep.o
 .comment       0x0000000000000000       0x71 binaries/suspend.o
 .comment       0x0000000000000000       0x71 binaries/unsleep.o
 .comment       0x0000000000000000       0x71 binaries/userret.o
 .comment       0x0000000000000000       0x71 binaries/wait.o
 .comment       0x0000000000000000       0x71 binaries/wakeup.o
 .comment       0x0000000000000000       0x71 binaries/write.o
 .comment       0x0000000000000000       0x71 binaries/xdone.o
 .comment       0x0000000000000000       0x71 binaries/yield.o
 .comment       0x0000000000000000       0x71 binaries/abs.o
 .comment       0x0000000000000000       0x71 binaries/atoi.o
 .comment       0x0000000000000000       0x71 binaries/atol.o
 .comment       0x0000000000000000       0x71 binaries/bzero.o
 .comment       0x0000000000000000       0x71 binaries/ctype_.o
 .comment       0x0000000000000000       0x71 binaries/doprnt.o
 .comment       0x0000000000000000       0x71 binaries/doscan.o
 .comment       0x0000000000000000       0x71 binaries/fdoprnt.o
 .comment       0x0000000000000000       0x71 binaries/fgetc.o
 .comment       0x0000000000000000       0x71 binaries/fgets.o
 .comment       0x0000000000000000       0x71 binaries/fprintf.o
 .comment       0x0000000000000000       0x71 binaries/fputc.o
 .comment       0x0000000000000000       0x71 binaries/fputs.o
 .comment       0x0000000000000000       0x71 binaries/fscanf.o
 .comment       0x0000000000000000       0x71 binaries/getchar.o
 .comment       0x0000000000000000       0x71 binaries/labs.o
 .comment       0x0000000000000000       0x71 binaries/memchr.o
 .comment       0x0000000000000000       0x71 binaries/memcmp.o
 .comment       0x0000000000000000       0x71 binaries/memcpy.o
 .comment       0x0000000000000000       0x71 binaries/memset.o
 .comment       0x0000000000000000       0x71 binaries/printf.o
 .comment       0x0000000000000000       0x71 binaries/putchar.o
 .comment       0x0000000000000000       0x71 binaries/qsort.o
 .comment       0x0000000000000000       0x71 binaries/rand.o
 .comment       0x0000000000000000       0x71 binaries/sprintf.o
 .comment       0x0000000000000000       0x71 binaries/sscanf.o
 .comment       0x0000000000000000       0x71 binaries/strchr.o
 .comment       0x0000000000000000       0x71 binaries/strcmp.o
 .comment       0x0000000000000000       0x71 binaries/strcpy.o
 .comment       0x0000000000000000       0x71 binaries/strlen.o
 .comment       0x0000000000000000       0x71 binaries/strncat.o
 .comment       0x0000000000000000       0x71 binaries/strncmp.o
 .comment       0x0000000000000000       0x71 binaries/strncpy.o
 .comment       0x0000000000000000       0x71 binaries/strnlen.o
 .comment       0x0000000000000000       0x71 binaries/strrchr.o
 .comment       0x0000000000000000       0x71 binaries/strstr.o
 .comment       0x0000000000000000       0x71 binaries/ttycontrol.o
 .comment       0x0000000000000000       0x71 binaries/ttygetc.o
 .comment       0x0000000000000000       0x71 binaries/ttyhandle_in.o
 .comment       0x0000000000000000       0x71 binaries/ttyhandle_out.o
 .comment       0x0000000000000000       0x71 binaries/ttyhandler.o
 .comment       0x0000000000000000       0x71 binaries/ttyinit.o
 .comment       0x0000000000000000       0x71 binaries/ttykickout.o
 .comment       0x0000000000000000       0x71 binaries/ttyputc.o
 .comment       0x0000000000000000       0x71 binaries/ttyread.o
 .comment       0x0000000000000000       0x71 binaries/ttywrite.o
 .comment       0x0000000000000000       0x71 binaries/mount.o
 .comment       0x0000000000000000       0x71 binaries/naminit.o
 .comment       0x0000000000000000       0x71 binaries/nammap.o
 .comment       0x0000000000000000       0x71 binaries/namopen.o
 .comment       0x0000000000000000       0x71 binaries/colon2mac.o
 .comment       0x0000000000000000       0x71 binaries/ethcontrol.o
 .comment       0x0000000000000000       0x71 binaries/ethhandler.o
 .comment       0x0000000000000000       0x71 binaries/ethinit.o
 .comment       0x0000000000000000       0x71 binaries/ethread.o
 .comment       0x0000000000000000       0x71 binaries/ethwrite.o
 .comment       0x0000000000000000       0x71 binaries/rdsbufalloc.o
 .comment       0x0000000000000000       0x71 binaries/rdsclose.o
 .comment       0x0000000000000000       0x71 binaries/rdscomm.o
 .comment       0x0000000000000000       0x71 binaries/rdscontrol.o
 .comment       0x0000000000000000       0x71 binaries/rdsinit.o
 .comment       0x0000000000000000       0x71 binaries/rdsopen.o
 .comment       0x0000000000000000       0x71 binaries/rdsprocess.o
 .comment       0x0000000000000000       0x71 binaries/rdsread.o
 .comment       0x0000000000000000       0x71 binaries/rdswrite.o
 .comment       0x0000000000000000       0x71 binaries/ramclose.o
 .comment       0x0000000000000000       0x71 binaries/raminit.o
 .comment       0x0000000000000000       0x71 binaries/ramopen.o
 .comment       0x0000000000000000       0x71 binaries/ramread.o
 .comment       0x0000000000000000       0x71 binaries/ramwrite.o
 .comment       0x0000000000000000       0x71 binaries/lfdballoc.o
 .comment       0x0000000000000000       0x71 binaries/lfdbfree.o
 .comment       0x0000000000000000       0x71 binaries/lfflush.o
 .comment       0x0000000000000000       0x71 binaries/lfgetmode.o
 .comment       0x0000000000000000       0x71 binaries/lfiballoc.o
 .comment       0x0000000000000000       0x71 binaries/lfibclear.o
 .comment       0x0000000000000000       0x71 binaries/lfibget.o
 .comment       0x0000000000000000       0x71 binaries/lfibput.o
 .comment       0x0000000000000000       0x71 binaries/lflclose.o
 .comment       0x0000000000000000       0x71 binaries/lflcontrol.o
 .comment       0x0000000000000000       0x71 binaries/lflgetc.o
 .comment       0x0000000000000000       0x71 binaries/lflinit.o
 .comment       0x0000000000000000       0x71 binaries/lflputc.o
 .comment       0x0000000000000000       0x71 binaries/lflread.o
 .comment       0x0000000000000000       0x71 binaries/lflseek.o
 .comment       0x0000000000000000       0x71 binaries/lflwrite.o
 .comment       0x0000000000000000       0x71 binaries/lfsckfmt.o
 .comment       0x0000000000000000       0x71 binaries/lfscreate.o
 .comment       0x0000000000000000       0x71 binaries/lfsetup.o
 .comment       0x0000000000000000       0x71 binaries/lfsinit.o
 .comment       0x0000000000000000       0x71 binaries/lfsopen.o
 .comment       0x0000000000000000       0x71 binaries/lftruncate.o
 .comment       0x0000000000000000       0x71 binaries/rflclose.o
 .comment       0x0000000000000000       0x71 binaries/rflgetc.o
 .comment       0x0000000000000000       0x71 binaries/rflinit.o
 .comment       0x0000000000000000       0x71 binaries/rflputc.o
 .comment       0x0000000000000000       0x71 binaries/rflread.o
 .comment       0x0000000000000000       0x71 binaries/rflseek.o
 .comment       0x0000000000000000       0x71 binaries/rflwrite.o
 .comment       0x0000000000000000       0x71 binaries/rfscomm.o
 .comment       0x0000000000000000       0x71 binaries/rfscontrol.o
 .comment       0x0000000000000000       0x71 binaries/rfsgetmode.o
 .comment       0x0000000000000000       0x71 binaries/rfsinit.o
 .comment       0x0000000000000000       0x71 binaries/rfsndmsg.o
 .comment       0x0000000000000000       0x71 binaries/rfsopen.o
 .comment       0x0000000000000000       0x71 binaries/arp.o
 .comment       0x0000000000000000       0x71 binaries/dhcp.o
 .comment       0x0000000000000000       0x71 binaries/dns.o
 .comment       0x0000000000000000       0x71 binaries/dot2ip.o
 .comment       0x0000000000000000       0x71 binaries/hexdump.o
 .comment       0x0000000000000000       0x71 binaries/icmp.o
 .comment       0x0000000000000000       0x71 binaries/ip.o
 .comment       0x0000000000000000       0x71 binaries/net.o
 .comment       0x0000000000000000       0x71 binaries/netstart.o
 .comment       0x0000000000000000       0x71 binaries/pdump.o
 .comment       0x0000000000000000       0x71 binaries/tftp.o
 .comment       0x0000000000000000       0x71 binaries/udp.o
 .comment       0x0000000000000000       0x71 binaries/addargs.o
 .comment       0x0000000000000000       0x71 binaries/lexan.o
 .comment       0x0000000000000000       0x71 binaries/shell.o
 .comment       0x0000000000000000       0x71 binaries/xsh_argecho.o
 .comment       0x0000000000000000       0x71 binaries/xsh_arp.o
 .comment       0x0000000000000000       0x71 binaries/xsh_boundedbuffer.o
 .comment       0x0000000000000000       0x71 binaries/xsh_cat.o
 .comment       0x0000000000000000       0x71 binaries/xsh_clear.o
 .comment       0x0000000000000000       0x71 binaries/xsh_date.o
 .comment       0x0000000000000000       0x71 binaries/xsh_devdump.o
 .comment       0x0000000000000000       0x71 binaries/xsh_echo.o
 .comment       0x0000000000000000       0x71 binaries/xsh_exit.o
 .comment       0x0000000000000000       0x71 binaries/xsh_hello.o
 .comment       0x0000000000000000       0x71 binaries/xsh_help.o
 .comment       0x0000000000000000       0x71 binaries/xsh_ipaddr.o
 .comment       0x0000000000000000       0x71 binaries/xsh_kill.o
 .comment       0x0000000000000000       0x71 binaries/xsh_led.o
 .comment       0x0000000000000000       0x71 binaries/xsh_memdump.o
 .comment       0x0000000000000000       0x71 binaries/xsh_memstat.o
 .comment       0x0000000000000000       0x71 binaries/xsh_ping.o
 .comment       0x0000000000000000       0x71 binaries/xsh_prodcons.o
 .comment       0x0000000000000000       0x71 binaries/xsh_ps.o
 .comment       0x0000000000000000       0x71 binaries/xsh_reset.o
 .comment       0x0000000000000000       0x71 binaries/xsh_sleep.o
 .comment       0x0000000000000000       0x71 binaries/xsh_udpdump.o
 .comment       0x0000000000000000       0x71 binaries/xsh_udpecho.o
 .comment       0x0000000000000000       0x71 binaries/xsh_udpeserver.o
 .comment       0x0000000000000000       0x71 binaries/xsh_uptime.o
 .comment       0x0000000000000000       0x71 binaries/bb_consume.o
 .comment       0x0000000000000000       0x71 binaries/bb_produce.o
 .comment       0x0000000000000000       0x71 binaries/consume.o
 .comment       0x0000000000000000       0x71 binaries/future_cons.o
 .comment       0x0000000000000000       0x71 binaries/future_prod.o
 .comment       0x0000000000000000       0x71 binaries/produce.o

.debug_frame    0x0000000000000000       0x40
 .debug_frame   0x0000000000000000       0x20 /usr/lib/gcc/arm-none-eabi/4.9.3/libgcc.a(_udivsi3.o)
 .debug_frame   0x0000000000000020       0x20 /usr/lib/gcc/arm-none-eabi/4.9.3/libgcc.a(_divsi3.o)
